> Task :app:clean
> Task :app:checkKotlinGradlePluginConfigurationErrors SKIPPED
> Task :app:preBuild UP-TO-DATE
> Task :app:preDebugBuild UP-TO-DATE
> Task :app:processDebugNavigationResources
> Task :app:checkDebugAarMetadata
> Task :app:generateDebugResValues
> Task :app:compileDebugNavigationResources
> Task :app:mapDebugSourceSetPaths
> Task :app:generateDebugResources
> Task :app:packageDebugResources
> Task :app:createDebugCompatibleScreenManifests
> Task :app:extractDeepLinksDebug
> Task :app:processDebugMainManifest
> Task :app:processDebugManifest
> Task :app:processDebugManifestForPackage
> Task :app:parseDebugLocalResources
> Task :app:mergeDebugResources
> Task :app:processDebugResources

> Task :app:kaptGenerateStubsDebugKotlin
w: Support for language version 2.0+ in kapt is in Alpha and must be enabled explicitly. Falling back to 1.9.

> Task :app:kaptDebugKotlin

> Task :app:compileDebugKotlin
.\gradlew : e: file:
///C:/Users/chint/An
droidStudioProjects/
XPlayer/app/src/main
/java/com/chintan992
/xplayer/LocalMediaR
epository.kt:117:70 
Argument type 
mismatch: actual 
type is 
'kotlin.String', 
but 'kotlin.Long' 
was expected.
At line:1 char:1
+ .\gradlew clean 
compileDebugKotlin 
2>&1 | Out-File 
-FilePath build_er 
...
+ ~~~~~~~~~~~~~~~~~~
~~~~~~~~~~~~~~~~~~~~
~
    + CategoryInfo  
            : NotS  
  pecified: (e: f   
 ile:///C:/U...'    
 was expected.:    
String) [], Rem    
oteException
    + FullyQualifie 
   dErrorId : Nati  
  veCommandError
 

> Task :app:compileDebugKotlin FAILED

FAILURE: Build 
failed with an 
exception.

* What went wrong:
Execution failed 
for task ':app:compi
leDebugKotlin'.
> A failure 
occurred while 
executing org.jetbra
ins.kotlin.compilerR
unner.GradleCompiler
RunnerWithWorkers$Gr
adleKotlinCompilerWo
rkAction
   > Compilation 
error. See log for 
more details

* Try:
> Run with 
--stacktrace option 
to get the stack 
trace.
> Run with --info 
or --debug option 
to get more log 
output.
> Run with --scan 
to get full 
insights.
> Get more help at h
ttps://help.gradle.o
rg.

BUILD FAILED in 12s
19 actionable tasks: 19 executed
